<html>
<body>
<pre>
<h1>µVision Build Log</h1>
<h2>Project:</h2>
Z:\Users\gabrielemini\Desktop\lab-Consegna\Laboratorio4\lab4_es3\lab4_es3.uvproj
Project File Date:  11/08/2018

<h2>Output:</h2>
Build target 'Target 1'
assembling startup_LPC17xx.s...
startup_LPC17xx.s(223): warning: A1488W: PROC/FUNC at line 125 in 'startup_LPC17xx.s' without matching ENDP/ENDFUNC
linking...
Program Size: Code=564 RO-data=204 RW-data=0 ZI-data=512  
".\lab4_es3.axf" - 0 Error(s), 1 Warning(s).
</pre>
</body>
</html>
 defined symbol 'stop0'
startup_LPC17xx.s(218): error: A1108E: Multiply defined symbol 'STOP'
".\lab4_es3.axf" - 5 Error(s), 0 Warning(s).
Target not created
