<html>
<body>
<pre>
<h1>µVision Build Log</h1>
<h2>Project:</h2>
Z:\Users\gabrielemini\Desktop\Laboratori-S257117\Laboratorio8\sample\sample.uvproj
Project File Date:  12/13/2018

<h2>Output:</h2>
Rebuild target 'Target 1'
assembling startup_LPC17xx.s...
compiling sample.c...
led/led.h(20): warning:  #1-D: last line of file ends without a newline
  void LED_Off(unsigned int num);
button_EXINT/button.h(7): warning:  #1-D: last line of file ends without a newline
  extern unsigned int led_value;
sample.c: 2 warnings, 0 errors
compiling core_cm3.c...
compiling system_LPC17xx.c...
compiling lib_led.c...
led\led.h(20): warning:  #1-D: last line of file ends without a newline
  void LED_Off(unsigned int num);
led\lib_led.c: 1 warning, 0 errors
compiling functLed.c...
led\led.h(20): warning:  #1-D: last line of file ends without a newline
  void LED_Off(unsigned int num);
led\functLed.c: 1 warning, 0 errors
compiling IRQ_button.c...
button_EXINT\button.h(7): warning:  #1-D: last line of file ends without a newline
  extern unsigned int led_value;
button_EXINT\IRQ_button.c: 1 warning, 0 errors
compiling lib_button.c...
button_EXINT\button.h(7): warning:  #1-D: last line of file ends without a newline
  extern unsigned int led_value;
button_EXINT\lib_button.c: 1 warning, 0 errors
linking...
Program Size: Code=1704 RO-data=236 RW-data=8 ZI-data=608  
".\sample.axf" - 0 Error(s), 6 Warning(s).
