<html>
<body>
<pre>
<h1>µVision Build Log</h1>
<h2>Project:</h2>
Z:\Users\gabrielemini\Desktop\Laboratori-S257117\Laboratorio9\es2\sample_led_button\sample.uvproj
Project File Date:  12/12/2018

<h2>Output:</h2>
Build target 'Target 1'
assembling startup_LPC17xx.s...
compiling sample.c...
button_EXINT/button.h(9): warning:  #1-D: last line of file ends without a newline
  extern int previous;
sample.c(25): warning:  #177-D: variable "cont" was declared but never referenced
    int cont;
sample.c: 2 warnings, 0 errors
compiling core_cm3.c...
compiling system_LPC17xx.c...
compiling lib_led.c...
compiling IRQ_button.c...
button_EXINT\button.h(9): warning:  #1-D: last line of file ends without a newline
  extern int previous;
button_EXINT\IRQ_button.c: 1 warning, 0 errors
compiling lib_button.c...
button_EXINT\button.h(9): warning:  #1-D: last line of file ends without a newline
  extern int previous;
button_EXINT\lib_button.c: 1 warning, 0 errors
linking...
Program Size: Code=1576 RO-data=236 RW-data=16 ZI-data=608  
".\sample.axf" - 0 Error(s), 4 Warning(s).
</pre>
</body>
</html>
